Test site already exists.
Nginx configuration test failed. Test log: 
Test site already exists.
[Wed 29 Dec 03:11:47 IST 2021] - Test site already exists.
